Warning: You are sending unauthenticated requests to the HF Hub. Please set a HF_TOKEN to enable higher rate limits and faster downloads.
Loaded 10 cases
Loading embedding model: pritamdeka/S-PubMedBert-MS-MARCO
Loading weights:   0%|          | 0/199 [00:00<?, ?it/s]Loading weights: 100%|██████████| 199/199 [00:00<00:00, 69578.73it/s]

============================================================
Case 1/10: case_1
Ground truth: ['F11.23']
Severe opioid use disorder  
Withdrawal symptoms  
Substance use disorder  
Drug dependence  
Opioid dependence  
Addiction  
Psychological distress  
Substance abuse  
Drug detoxification history  
Recovery planning  
Residential treatment planning  
Rehabilitation planning  
Job training planning  
Drug-free recovery planning
Extracted conditions (14): ['Severe opioid use disorder', 'Withdrawal symptoms', 'Substance use disorder', 'Drug dependence', 'Opioid dependence', 'Addiction', 'Psychological distress', 'Substance abuse', 'Drug detoxification history', 'Recovery planning', 'Residential treatment planning', 'Rehabilitation planning', 'Job training planning', 'Drug-free recovery planning']
Merged candidates: 40
Ground truth in candidates: 1/1 — {'F1123'}
F1123
F11288
F11282
F11251
F11281
F1124
F1113
F11259
F11159
F11151
F11250
F11222
F11181
F1114
F1129

Predicted:    ['F1123', 'F11288', 'F11282', 'F11251', 'F11281', 'F1124', 'F1113', 'F11259', 'F11159', 'F11151', 'F11250', 'F11222', 'F11181', 'F1114', 'F1129']
Recall:       1.000
Time:         15.58s
Tokens:       1155 prompt + 100 completion

============================================================
Case 2/10: case_2
Ground truth: ['C53.9']
Cervical dysplasia  
Cervical carcinoma  
Postprocedural hemorrhage  
Cervical conization  
Histopathologic findings of cervical carcinoma  
Inconclusive colposcopy biopsy results  
Possible cervical malignancy
Extracted conditions (7): ['Cervical dysplasia', 'Cervical carcinoma', 'Postprocedural hemorrhage', 'Cervical conization', 'Histopathologic findings of cervical carcinoma', 'Inconclusive colposcopy biopsy results', 'Possible cervical malignancy']
Merged candidates: 40
Ground truth in candidates: 1/1 — {'C539'}
N870
R87613
R877
D060
C530
Predicted:    ['N870', 'R87613', 'R877', 'D060', 'C530']
Recall:       0.000
Time:         10.66s
Tokens:       1201 prompt + 27 completion

============================================================
Case 3/10: case_3
Ground truth: ['T18.128A']
Esophageal food impaction  
Acute nausea  
Inability to tolerate oral intake  
Abdominal pain  
Gastric distension  
Esophageal obstruction  
Foreign body in esophagus
Extracted conditions (7): ['Esophageal food impaction', 'Acute nausea', 'Inability to tolerate oral intake', 'Abdominal pain', 'Gastric distension', 'Esophageal obstruction', 'Foreign body in esophagus']
Merged candidates: 40
Ground truth in candidates: 1/1 — {'T18128A'}
K222
R1084
R10817
R110
T18128A
T18128D
T18128S
Predicted:    ['K222', 'R1084', 'R10817', 'R110', 'T18128A', 'T18128D', 'T18128S']
Recall:       1.000
Time:         11.12s
Tokens:       1110 prompt + 47 completion

============================================================
Case 4/10: case_4
Ground truth: ['A41.4', 'K61.0']
Sepsis  
Perianal abscess  
Anal canal mucosal injury  
Bacteremia  
Hypotension  
Tachycardia  
Fever  
Purulent drainage  
Anaerobic bacterial infection  
Bacteremia due to B. fragilis  
Abscess cavity  
Anorectal infection  
B. fragilis sepsis  
Anal canal fluctuant mass  
Anal canal tenderness
Extracted conditions (15): ['Sepsis', 'Perianal abscess', 'Anal canal mucosal injury', 'Bacteremia', 'Hypotension', 'Tachycardia', 'Fever', 'Purulent drainage', 'Anaerobic bacterial infection', 'Bacteremia due to B. fragilis', 'Abscess cavity', 'Anorectal infection', 'B. fragilis sepsis', 'Anal canal fluctuant mass', 'Anal canal tenderness']
Merged candidates: 40
Ground truth in candidates: 2/2 — {'K610', 'A414'}
K612  
R6521  
B966  
A414  
K611  
L02215  
A419  
K610  
A4151  
A4152  
A4154  
A413  
A4181  
A4154  
A419  
A414  
K612  
K611  
L0
Predicted:    ['K612', 'R6521', 'B966', 'A414', 'K611', 'L02215', 'A419', 'K610', 'A4151', 'A4152', 'A4154', 'A413', 'A4181', 'A4154', 'A419', 'A414', 'K612', 'K611']
Recall:       1.000
Time:         16.47s
Tokens:       1070 prompt + 100 completion

============================================================
Case 5/10: case_5
Ground truth: ['M16.4']
Posttraumatic osteoarthritis  
Intervertebral disc displacement  
Fibroid uterus  
Pneumonia  
Hip replacement surgery  
Ceramic-on-ceramic hip replacement bearing surface  
Physical therapy  
Sports medicine center follow-up  
Right hip replacement scheduled
Extracted conditions (9): ['Posttraumatic osteoarthritis', 'Intervertebral disc displacement', 'Fibroid uterus', 'Pneumonia', 'Hip replacement surgery', 'Ceramic-on-ceramic hip replacement bearing surface', 'Physical therapy', 'Sports medicine center follow-up', 'Right hip replacement scheduled']
Merged candidates: 40
Ground truth in candidates: 1/1 — {'M164'}
M1652
M1651
J13
D250
Predicted:    ['M1652', 'M1651', 'J13', 'D250']
Recall:       0.000
Time:         10.29s
Tokens:       1099 prompt + 21 completion

============================================================
Case 6/10: case_6
Ground truth: ['M51.26', 'M47.26']
Low back pain  
Numbness of the left leg  
Herniated intervertebral disc  
Osteoarthritis of the lumbar spine  
Radiculopathy  
Intervertebral disc displacement  
Lumbar spinal stenosis  
Nucleus pulposus extrusion  
Annulus fibrosus integrity maintained
Extracted conditions (9): ['Low back pain', 'Numbness of the left leg', 'Herniated intervertebral disc', 'Osteoarthritis of the lumbar spine', 'Radiculopathy', 'Intervertebral disc displacement', 'Lumbar spinal stenosis', 'Nucleus pulposus extrusion', 'Annulus fibrosus integrity maintained']
Merged candidates: 40
Ground truth in candidates: 1/2 — {'M5126'}
M5417  
M5416  
M5127  
M5117  
M5459  
M79605  
M5451  
M5450  
M5415  
M9963  
M5126  
M5418  
M5410  
M5411  
M5414  
M5413  
M54
Predicted:    ['M5417', 'M5416', 'M5127', 'M5117', 'M5459', 'M79605', 'M5451', 'M5450', 'M5415', 'M9963', 'M5126', 'M5418', 'M5410', 'M5411', 'M5414', 'M5413', 'M54']
Recall:       0.500
Time:         15.54s
Tokens:       1126 prompt + 100 completion

============================================================
Case 7/10: case_7
Ground truth: ['I21.19', 'I25.10', 'I25.83', 'I48.19']
Acute inferior wall myocardial infarction  
Coronary arteriosclerosis with lipid-rich plaque  
Persistent atrial fibrillation
Extracted conditions (3): ['Acute inferior wall myocardial infarction', 'Coronary arteriosclerosis with lipid-rich plaque', 'Persistent atrial fibrillation']
Merged candidates: 40
Ground truth in candidates: 3/4 — {'I2583', 'I2510', 'I4819'}
I2583
I4811
I25119
I4820
Predicted:    ['I2583', 'I4811', 'I25119', 'I4820']
Recall:       0.250
Time:         10.01s
Tokens:       1254 prompt + 25 completion

============================================================
Case 8/10: case_8
Ground truth: ['I25.110', 'F17.210']
Triple vessel coronary artery disease  
Unstable angina  
Nicotine dependence  
Vein graft disease  
Vein graft failure  
Atherosclerotic heart disease  
Pre-infarction angina
Extracted conditions (7): ['Triple vessel coronary artery disease', 'Unstable angina', 'Nicotine dependence', 'Vein graft disease', 'Vein graft failure', 'Atherosclerotic heart disease', 'Pre-infarction angina']
Merged candidates: 40
Ground truth in candidates: 2/2 — {'I25110', 'F17210'}
I200
F17213
I25118
I25119
F17218
F17228
I25710
I25720
I25750
I25760
I25790
I25700
I2584
I25110
I2511
Predicted:    ['I200', 'F17213', 'I25118', 'I25119', 'F17218', 'F17228', 'I25710', 'I25720', 'I25750', 'I25760', 'I25790', 'I25700', 'I2584', 'I25110', 'I2511']
Recall:       0.500
Time:         16.00s
Tokens:       1517 prompt + 100 completion

============================================================
Case 9/10: case_9
Ground truth: ['C76.3']
Pelvic sidewall cancer  
Intervertebral disc displacement  
Retroperitoneal tumor  
Brachytherapy device placement  
Radiation therapy  
Unidirectional radiation emission  
Palladium-103 implantation
Extracted conditions (7): ['Pelvic sidewall cancer', 'Intervertebral disc displacement', 'Retroperitoneal tumor', 'Brachytherapy device placement', 'Radiation therapy', 'Unidirectional radiation emission', 'Palladium-103 implantation']
Merged candidates: 40
Ground truth in candidates: 1/1 — {'C763'}
C480
C763
N80351
N80352
N80353
N80359
N80354
N80355
N80356
N80357
N80358
N80359
N80351
N80352
N80353
Predicted:    ['C480', 'C763', 'N80351', 'N80352', 'N80353', 'N80359', 'N80354', 'N80355', 'N80356', 'N80357', 'N80358', 'N80359', 'N80351', 'N80352', 'N80353']
Recall:       1.000
Time:         14.82s
Tokens:       1239 prompt + 100 completion

============================================================
Case 10/10: case_10
Ground truth: ['I86.4', 'K92.0', 'K70.30', 'K70.10', 'I85.00', 'F10.20']
Alcoholic cirrhosis of the liver  
Acute alcoholic hepatitis  
Gastric varix  
Esophageal varices  
Upper gastrointestinal bleeding  
Chronic alcoholism
Extracted conditions (6): ['Alcoholic cirrhosis of the liver', 'Acute alcoholic hepatitis', 'Gastric varix', 'Esophageal varices', 'Upper gastrointestinal bleeding', 'Chronic alcoholism']
Merged candidates: 40
Ground truth in candidates: 4/6 — {'K7030', 'I864', 'I8500', 'K7010'}
K7030  
I8501  
I864  
K7011  
K7031  
K2101  
I426  
K709  
B1711  
K7201  
K7211  
K2901  
K2211  
K2081  
K860  
K7010  
K702  
K70
Predicted:    ['K7030', 'I8501', 'I864', 'K7011', 'K7031', 'K2101', 'I426', 'K709', 'B1711', 'K7201', 'K7211', 'K2901', 'K2211', 'K2081', 'K860', 'K7010', 'K702', 'K70']
Recall:       0.500
Time:         13.12s
Tokens:       1008 prompt + 100 completion

============================================================
SUMMARY
============================================================
Cases:              10
Average recall:     0.575
Average time/case:  13.36s
Total time:         133.6s
Total tokens:       11779 prompt + 720 completion
Avg tokens/case:    1250

Detailed results saved to data/results.json
