Warning: You are sending unauthenticated requests to the HF Hub. Please set a HF_TOKEN to enable higher rate limits and faster downloads.
Loaded 54 cases
Loading embedding model: pritamdeka/S-PubMedBert-MS-MARCO
Loading weights:   0%|          | 0/199 [00:00<?, ?it/s]Loading weights: 100%|██████████| 199/199 [00:00<00:00, 51446.41it/s]

============================================================
Case 1/54: case_1
Ground truth: ['F11.23']
Severe Opioid Use Disorder  
Heroin Dependence  
Drug Detoxification  
Withdrawal Symptoms  
Substance Abuse Counseling  
Individual Therapy  
Group Therapy  
Opioid-Free Lifestyle Goal  
Drug Rehabilitation Therapy  
Residential Treatment Program  
Drug-Free Recovery Center  
Job Training for Recovery
Extracted conditions (12): ['Severe Opioid Use Disorder', 'Heroin Dependence', 'Drug Detoxification', 'Withdrawal Symptoms', 'Substance Abuse Counseling', 'Individual Therapy', 'Group Therapy', 'Opioid-Free Lifestyle Goal', 'Drug Rehabilitation Therapy', 'Residential Treatment Program', 'Drug-Free Recovery Center', 'Job Training for Recovery']
Predicted (12): ['F11188', 'Z716', 'P962', 'F1123', 'F1121', 'Z79899', 'T50902S', 'F1421', 'Z92859', 'F1991', 'S06895S', 'F411']
Recall:    1.000
Precision: 0.083
Time:      10.88s

============================================================
Case 2/54: case_2
Ground truth: ['C53.9']
Cervical dysplasia  
Cervical malignancy  
Inconclusive cervical biopsy  
Cervical carcinoma  
Postbiopsy hemorrhage  
LEEP procedure  
Colposcopic guidance  
Cervical conization  
Histopathologic examination  
Follow-up required
Extracted conditions (10): ['Cervical dysplasia', 'Cervical malignancy', 'Inconclusive cervical biopsy', 'Cervical carcinoma', 'Postbiopsy hemorrhage', 'LEEP procedure', 'Colposcopic guidance', 'Cervical conization', 'Histopathologic examination', 'Follow-up required']
Predicted (10): ['N870', 'R922', 'C530', 'R87614', 'G0432', 'Z09', 'R897', 'Z3169', 'S02631A', 'L490']
Recall:    0.000
Precision: 0.000
Time:      4.32s

============================================================
Case 3/54: case_3
Ground truth: ['T18.128A']
Abdominal pain  
Nausea  
Inability to keep anything down  
Dehydration risk  
Impacted food bolus  
Esophageal foreign body  
Esophageal obstruction  
Urgent surgical intervention  
Esophagoscopy  
Post-procedural hospitalization  
Oral intake tolerance assessment  
Discharge following oral intake tolerance  
Esophageal foreign body removal  
Esophageal impaction  
Gastrointestinal discomfort  
Post-operative recovery  
Esophageal foreign body removal via forceps  

Extracted conditions (17): ['Abdominal pain', 'Nausea', 'Inability to keep anything down', 'Dehydration risk', 'Impacted food bolus', 'Esophageal foreign body', 'Esophageal obstruction', 'Urgent surgical intervention', 'Esophagoscopy', 'Post-procedural hospitalization', 'Oral intake tolerance assessment', 'Discharge following oral intake tolerance', 'Esophageal foreign body removal', 'Esophageal impaction', 'Gastrointestinal discomfort', 'Post-operative recovery', 'Esophageal foreign body removal via forceps']
Predicted (15): ['K222', 'R110', 'E860', 'R1084', 'T18108S', 'K200', 'K910', 'R7302', 'T81594D', 'I97120', 'I97191', 'Z602', 'T17328S', 'I69391', 'S7221XE']
Recall:    0.000
Precision: 0.000
Time:      7.03s

============================================================
Case 4/54: case_4
Ground truth: ['A41.4', 'K61.0']
Fever  
Hypotension  
Tachycardia  
Anal pain  
Fluctuant mass  
Tender mass  
Perianal abscess  
Sepsis  
Bacteremia  
B. fragilis sepsis  
Anaerobic infection  
Gram-negative bacteremia  
Abscess drainage  
Intra-abdominal abscess  
Purulent drainage  
Abscess cavity  
Open wound  
Post-operative care  
Antibiotic therapy  
Intravenous fluid therapy  
Hospitalization
Extracted conditions (21): ['Fever', 'Hypotension', 'Tachycardia', 'Anal pain', 'Fluctuant mass', 'Tender mass', 'Perianal abscess', 'Sepsis', 'Bacteremia', 'B. fragilis sepsis', 'Anaerobic infection', 'Gram-negative bacteremia', 'Abscess drainage', 'Intra-abdominal abscess', 'Purulent drainage', 'Abscess cavity', 'Open wound', 'Post-operative care', 'Antibiotic therapy', 'Intravenous fluid therapy', 'Hospitalization']
Predicted (18): ['R7881', 'A4159', 'I953', 'R6521', 'P2911', 'K750', 'K610', 'R502', 'B966', 'Z792', 'A414', 'S01502D', 'Z48814', 'H44003', 'R222', 'R0902', 'O3623X1', 'S82851K']
Recall:    1.000
Precision: 0.111
Time:      7.41s

============================================================
Case 5/54: case_5
Ground truth: ['M16.4']
Posttraumatic osteoarthritis  
Bilateral hip involvement  
Left hip osteoarthritis  
Right hip osteoarthritis  
Hip replacement surgery  
Total left hip replacement  
Ceramic-on-ceramic hip replacement bearing surface  
Cemented hip prosthesis  
History of pneumonia  
History of hysterectomy for fibroid uterus  
Former professional basketball athlete  
Good general health status  
Physical therapy referral for sports medicine center  
Scheduled for right hip replacement
Extracted conditions (14): ['Posttraumatic osteoarthritis', 'Bilateral hip involvement', 'Left hip osteoarthritis', 'Right hip osteoarthritis', 'Hip replacement surgery', 'Total left hip replacement', 'Ceramic-on-ceramic hip replacement bearing surface', 'Cemented hip prosthesis', 'History of pneumonia', 'History of hysterectomy for fibroid uterus', 'Former professional basketball athlete', 'Good general health status', 'Physical therapy referral for sports medicine center', 'Scheduled for right hip replacement']
Predicted (14): ['M1612', 'M1611', 'Z8701', 'M160', 'M19112', 'S78012D', 'M25551', 'Z8542', 'T84050D', 'T84060D', 'R6889', 'S72141D', 'Y93B1', 'M9722XD']
Recall:    0.000
Precision: 0.000
Time:      5.98s

============================================================
Case 6/54: case_6
Ground truth: ['M51.26', 'M47.26']
Severe low back pain  
Numbness of the left leg  
Intervertebral disc herniation  
Osteoarthritis of the lumbar spine  
Radiculopathy  
Laminotomy  
Nucleus pulposus removal at L4-L5  
Annulus fibrosus intact  
Postoperative recovery  
Rehabilitation therapy planned
Extracted conditions (10): ['Severe low back pain', 'Numbness of the left leg', 'Intervertebral disc herniation', 'Osteoarthritis of the lumbar spine', 'Radiculopathy', 'Laminotomy', 'Nucleus pulposus removal at L4-L5', 'Annulus fibrosus intact', 'Postoperative recovery', 'Rehabilitation therapy planned']
Predicted (10): ['M5412', 'M5459', 'M79662', 'M4216', 'M5117', 'I97191', 'S33141D', 'S42435D', 'Z471', 'S42448S']
Recall:    0.000
Precision: 0.000
Time:      4.86s

============================================================
Case 7/54: case_7
Ground truth: ['I21.19', 'I25.10', 'I25.83', 'I48.19']
Acute inferior wall myocardial infarction  
Type 1 myocardial infarction  
Coronary arteriosclerosis  
Lipid-rich plaque in coronary arteries  
Persistent atrial fibrillation  
Chest pain  
Right heart catheterization  
Left heart catheterization  
Judkin's fluoroscopic coronary angiography  
Coronary artery angiography  
Fluoroscopic angiocardiography  
Low osmolar contrast dye use  
No history of coronary artery bypass graft surgery
Extracted conditions (13): ['Acute inferior wall myocardial infarction', 'Type 1 myocardial infarction', 'Coronary arteriosclerosis', 'Lipid-rich plaque in coronary arteries', 'Persistent atrial fibrillation', 'Chest pain', 'Right heart catheterization', 'Left heart catheterization', "Judkin's fluoroscopic coronary angiography", 'Coronary artery angiography', 'Fluoroscopic angiocardiography', 'Low osmolar contrast dye use', 'No history of coronary artery bypass graft surgery']
Predicted (13): ['I4811', 'I2583', 'R071', 'I2541', 'I50812', 'I25111', 'I25810', 'I50814', 'S43141A', 'S8292XE', 'E0901', 'S42024P', 'S72462D']
Recall:    0.250
Precision: 0.077
Time:      6.28s

============================================================
Case 8/54: case_8
Ground truth: ['I25.110', 'F17.210']
pre-infarction angina  
significant atherosclerotic heart disease  
triple vessel coronary artery disease  
unstable angina  
nicotine dependence  
smoking cessation advised  
vein graft disease prevention  
vein graft failure prevention  
left greater saphenous vein harvest  
coronary artery bypass grafting  
left anterior descending artery bypass  
circumflex artery bypass  
diagonal artery bypass  
extracorporeal circulation  
cardiopulmonary bypass  
coronary angi
Extracted conditions (16): ['pre-infarction angina', 'significant atherosclerotic heart disease', 'triple vessel coronary artery disease', 'unstable angina', 'nicotine dependence', 'smoking cessation advised', 'vein graft disease prevention', 'vein graft failure prevention', 'left greater saphenous vein harvest', 'coronary artery bypass grafting', 'left anterior descending artery bypass', 'circumflex artery bypass', 'diagonal artery bypass', 'extracorporeal circulation', 'cardiopulmonary bypass', 'coronary angi']
Predicted (15): ['I200', 'F17213', 'I25110', 'I237', 'I25728', 'I25718', 'I2541', 'I70463', 'I70492', 'Z9281', 'I2121', 'Z716', 'I97611', 'O0735', 'T82322D']
Recall:    0.500
Precision: 0.067
Time:      7.51s

============================================================
Case 9/54: case_9
Ground truth: ['C76.3']
Cancer of the left pelvic sidewall  
Intervertebral disc displacement  
Pelvic sidewall tumor  
Brachytherapy device insertion  
Low dose rate brachytherapy  
Radioactive palladium-103 implant  
Unidirectional radiation emission  
Tumor excision  
Retroperitoneum  
Postoperative stable condition  
Wide lower abdominal incision  
CivaSheet® brachytherapy device placement
Extracted conditions (12): ['Cancer of the left pelvic sidewall', 'Intervertebral disc displacement', 'Pelvic sidewall tumor', 'Brachytherapy device insertion', 'Low dose rate brachytherapy', 'Radioactive palladium-103 implant', 'Unidirectional radiation emission', 'Tumor excision', 'Retroperitoneum', 'Postoperative stable condition', 'Wide lower abdominal incision', 'CivaSheet® brachytherapy device placement']
Predicted (11): ['N80332', 'M5127', 'S31603S', 'S31001S', 'Z30430', 'D167', 'M84312D', 'S82854J', 'N5314', 'T82848S', 'S82855K']
Recall:    0.000
Precision: 0.000
Time:      6.23s

============================================================
Case 10/54: case_10
Ground truth: ['I86.4', 'K92.0', 'K70.30', 'K70.10', 'I85.00', 'F10.20']
Hematemesis  
Upper gastrointestinal bleeding  
Gastric varix  
Alcoholic cirrhosis of the liver  
Acute alcoholic hepatitis  
Chronic alcoholism  
Esophageal varices  
Transjugular intrahepatic portosystemic shunt (TIPS)  
Portal hypertension  
Hepatic vein hypertension  
Portal-hepatic venous communication  
Surgical recovery  
Serious gastrointestinal disease  
Chronic liver disease  
Alcohol-induced liver disease  
Portal vein hypertension  
H
Extracted conditions (17): ['Hematemesis', 'Upper gastrointestinal bleeding', 'Gastric varix', 'Alcoholic cirrhosis of the liver', 'Acute alcoholic hepatitis', 'Chronic alcoholism', 'Esophageal varices', 'Transjugular intrahepatic portosystemic shunt (TIPS)', 'Portal hypertension', 'Hepatic vein hypertension', 'Portal-hepatic venous communication', 'Surgical recovery', 'Serious gastrointestinal disease', 'Chronic liver disease', 'Alcohol-induced liver disease', 'Portal vein hypertension', 'H']
Predicted (15): ['K920', 'K766', 'K7031', 'I8501', 'B172', 'B182', 'K700', 'I864', 'Q266', 'K2101', 'E8722', 'K3189', 'K7681', 'Z48813', 'K312']
Recall:    0.333
Precision: 0.133
Time:      7.23s

============================================================
Case 11/54: case_11
Ground truth: ['L56.5', 'Z77.128', 'X32.XXXA']
Disseminated Superficial Actinic Porokeratosis  
Ultraviolet Light Exposure  
Family History of Actinic Porokeratosis  
Chronic Sun Exposure  
Keratotic Lesions  
Annular Lesions  
Dry Patchy Lesions  
Skin Biopsy Performed  
No Malignant Cells Identified  
Recurrent Lesions  
Lesion Removal Consideration  
Outdoor Occupation  
Golfing Activity  
Skin Cancer Concern
Extracted conditions (14): ['Disseminated Superficial Actinic Porokeratosis', 'Ultraviolet Light Exposure', 'Family History of Actinic Porokeratosis', 'Chronic Sun Exposure', 'Keratotic Lesions', 'Annular Lesions', 'Dry Patchy Lesions', 'Skin Biopsy Performed', 'No Malignant Cells Identified', 'Recurrent Lesions', 'Lesion Removal Consideration', 'Outdoor Occupation', 'Golfing Activity', 'Skin Cancer Concern']
Predicted (14): ['L565', 'Y9353', 'Y93L9', 'L920', 'L569', 'L570', 'K120', 'J370', 'C9620', 'Z1283', 'Z843', 'D863', 'L710', 'S0522XS']
Recall:    0.333
Precision: 0.071
Time:      6.39s

============================================================
Case 12/54: case_12
Ground truth: ['A46']
Acute erysipelas  
Acute facial erysipelas  
Erythema  
Edema  
Fever  
Facial swelling  
Superficial dermal infection  
Subcutaneous infection  
Group A beta-hemolytic Streptococcus infection  
Central venous catheter placement  
Subclavian vein catheterization  
Superior vena cava catheter placement  
Intravenous antibiotic therapy  
Long-term IV antibiotic treatment  
Hospital admission  
Facial erythema  
Fac
Extracted conditions (17): ['Acute erysipelas', 'Acute facial erysipelas', 'Erythema', 'Edema', 'Fever', 'Facial swelling', 'Superficial dermal infection', 'Subcutaneous infection', 'Group A beta-hemolytic Streptococcus infection', 'Central venous catheter placement', 'Subclavian vein catheterization', 'Superior vena cava catheter placement', 'Intravenous antibiotic therapy', 'Long-term IV antibiotic treatment', 'Hospital admission', 'Facial erythema', 'Fac']
Predicted (15): ['J384', 'L532', 'Z792', 'L089', 'A401', 'R502', 'I82B11', 'Q261', 'J8282', 'H10011', 'G7102', 'Z022', 'R220', 'S8292XF', 'S42034D']
Recall:    0.000
Precision: 0.000
Time:      7.79s

============================================================
Case 13/54: case_13
Ground truth: ['C34.01', 'C79.51', 'J43.9', 'Z87.891']
Bronchogenic small cell carcinoma of the right main bronchus  
Metastatic bone disease  
Emphysema  
Former nicotine dependence  
Bronchogenic carcinoma with bone metastasis  
Hemoptysis  
Chronic cough  
Wheezing  
Prodromal symptoms of worsening lung disease  
Mass in the right main bronchus  
Bronchial mass  
Positive biopsy for small cell carcinoma  
Bone metastasis  
Chest x-ray findings of right main bronchus mass  
F
Extracted conditions (15): ['Bronchogenic small cell carcinoma of the right main bronchus', 'Metastatic bone disease', 'Emphysema', 'Former nicotine dependence', 'Bronchogenic carcinoma with bone metastasis', 'Hemoptysis', 'Chronic cough', 'Wheezing', 'Prodromal symptoms of worsening lung disease', 'Mass in the right main bronchus', 'Bronchial mass', 'Positive biopsy for small cell carcinoma', 'Bone metastasis', 'Chest x-ray findings of right main bronchus mass', 'F']
Predicted (12): ['R042', 'R062', 'R053', 'C3401', 'J438', 'C7951', 'D1431', 'J441', 'M84550P', 'D3A019', 'L0202', 'S72045K']
Recall:    0.500
Precision: 0.167
Time:      6.93s

============================================================
Case 14/54: case_14
Ground truth: ['I46.9', 'I11.9', 'Y93.H1', 'Y92.014', 'Y99.8']
Cardiac arrest  
Acute myocardial infarction  
Strenuous exertion  
Hypertensive heart disease  
Enlarged heart  
Prescription medication use for hypertensive heart disease  
Unknown exact cause of cardiac arrest
Extracted conditions (7): ['Cardiac arrest', 'Acute myocardial infarction', 'Strenuous exertion', 'Hypertensive heart disease', 'Enlarged heart', 'Prescription medication use for hypertensive heart disease', 'Unknown exact cause of cardiac arrest']
Predicted (6): ['I110', 'I469', 'P2981', 'I219', 'H05341', 'X500XXD']
Recall:    0.200
Precision: 0.167
Time:      3.96s

============================================================
Case 15/54: case_15
Ground truth: ['L89.153', 'L89.212', 'D62', 'E11.9', 'I10', 'M47.26', 'R15.9', 'G89.29']
Acute blood-loss anemia  
Stage 3 sacral pressure ulcer  
Stage 2 right hip pressure ulcer  
Bleeding pressure ulcer  
Severe anemia  
Nonautologous packed red blood cell transfusion  
Type 2 diabetes mellitus  
Hypertension  
Chronic back pain  
Radiculopathy  
Lumbar spinal osteoarthritis  
Fecal incontinence  
Immobility  
Surgical consultation for colostomy  
Diverting colostomy
Extracted conditions (15): ['Acute blood-loss anemia', 'Stage 3 sacral pressure ulcer', 'Stage 2 right hip pressure ulcer', 'Bleeding pressure ulcer', 'Severe anemia', 'Nonautologous packed red blood cell transfusion', 'Type 2 diabetes mellitus', 'Hypertension', 'Chronic back pain', 'Radiculopathy', 'Lumbar spinal osteoarthritis', 'Fecal incontinence', 'Immobility', 'Surgical consultation for colostomy', 'Diverting colostomy']
Predicted (15): ['L89153', 'E1165', 'M5412', 'R3982', 'D500', 'R159', 'I110', 'K2211', 'Z433', 'M4216', 'P612', 'D594', 'K9409', 'S72491E', 'T71233D']
Recall:    0.250
Precision: 0.133
Time:      7.85s

============================================================
Case 16/54: case_16
Ground truth: ['L89.313', 'L97.411', 'I70.203']
Stage III Pressure Ulcer on Right Buttock  
Chronic Ulcer on Right Heel  
Generalized Atherosclerosis of Both Extremities  
Intervertebral Disc Displacement  
Skin Debridement of Heel  
Skin Debridement into Muscle of Buttock  
Postoperative Wound Monitoring  
Wound Care Follow-up in Long-Term Care Facility
Extracted conditions (8): ['Stage III Pressure Ulcer on Right Buttock', 'Chronic Ulcer on Right Heel', 'Generalized Atherosclerosis of Both Extremities', 'Intervertebral Disc Displacement', 'Skin Debridement of Heel', 'Skin Debridement into Muscle of Buttock', 'Postoperative Wound Monitoring', 'Wound Care Follow-up in Long-Term Care Facility']
Predicted (8): ['I7091', 'L97419', 'M5127', 'L97421', 'S59021D', 'S46222D', 'Z428', 'Y810']
Recall:    0.000
Precision: 0.000
Time:      5.57s

============================================================
Case 17/54: case_17
Ground truth: ['F14.20']
Cocaine Use Disorder, Moderate  
Cognitive Impairment  
Memory Deficits  
Substance Abuse Treatment Admission  
Detoxification for Cocaine Use Disorder  
Intravenous Barbiturate Administration (Narcosynthesis)  
Truthfulness Determination via Psychological Testing  
Residential Rehabilitation Services Admission  
Legal History of Drug Possession Arrests  
Suspected Criminal Activity for Substance Use Support  
Denial of Legal Violations
Extracted conditions (11): ['Cocaine Use Disorder, Moderate', 'Cognitive Impairment', 'Memory Deficits', 'Substance Abuse Treatment Admission', 'Detoxification for Cocaine Use Disorder', 'Intravenous Barbiturate Administration (Narcosynthesis)', 'Truthfulness Determination via Psychological Testing', 'Residential Rehabilitation Services Admission', 'Legal History of Drug Possession Arrests', 'Suspected Criminal Activity for Substance Use Support', 'Denial of Legal Violations']
Predicted (11): ['F14288', 'I69311', 'G3184', 'T423X4A', 'T7621XS', 'F1911', 'T382X4D', 'S95292S', 'R402344', 'F6811', 'S92402D']
Recall:    0.000
Precision: 0.000
Time:      5.86s

============================================================
Case 18/54: case_18
Ground truth: ['N39.0', 'B96.4', 'I25.10', 'Z98.61', 'J44.9', 'Z87.440']
Fever  
Malaise  
Left flank pain  
Urinary tract infection  
Bacteriuria  
Proteus infection  
Hypertension  
Arteriosclerotic heart disease  
Percutaneous transluminal coronary angioplasty  
Chronic obstructive pulmonary disease  
Recurrent urinary tract infections
Extracted conditions (11): ['Fever', 'Malaise', 'Left flank pain', 'Urinary tract infection', 'Bacteriuria', 'Proteus infection', 'Hypertension', 'Arteriosclerotic heart disease', 'Percutaneous transluminal coronary angioplasty', 'Chronic obstructive pulmonary disease', 'Recurrent urinary tract infections']
Predicted (11): ['R8271', 'R10A2', 'P393', 'J441', 'R5381', 'I110', 'R502', 'B964', 'Z87440', 'A5204', 'Z9861']
Recall:    0.500
Precision: 0.273
Time:      4.64s

============================================================
Case 19/54: case_19
Ground truth: ['J69.0', 'J96.00', 'J44.9']
Chronic obstructive pulmonary disease  
Obstructive chronic bronchitis  
Aspiration pneumonia  
Acute respiratory failure  
Shortness of breath  
Elevated white blood count  
Bibasilar infiltrates  
Advance directive (no ventilator)  
Intermittent positive airway pressure breathing  
Respiratory failure (suspected secondary to aspiration pneumonia or worsening chronic lung disease)
Extracted conditions (10): ['Chronic obstructive pulmonary disease', 'Obstructive chronic bronchitis', 'Aspiration pneumonia', 'Acute respiratory failure', 'Shortness of breath', 'Elevated white blood count', 'Bibasilar infiltrates', 'Advance directive (no ventilator)', 'Intermittent positive airway pressure breathing', 'Respiratory failure (suspected secondary to aspiration pneumonia or worsening chronic lung disease)']
Predicted (10): ['R0602', 'D72828', 'J441', 'J9601', 'J411', 'J95822', 'O8901', 'S20112A', 'S72041E', 'S72345A']
Recall:    0.000
Precision: 0.000
Time:      6.18s

============================================================
Case 20/54: case_20
Ground truth: ['C50.211', 'Z80.3']
Right breast mass  
Right breast carcinoma  
Family history of breast cancer  
Fine needle aspiration with suspicious cells  
Right breast lumpectomy  
Normal surgical margins  
Pectoralis fascia excision  
Frozen section margin assessment  
Wound irrigation  
Bovie cauterization  
3-0 Vicryl suture ligatures  
Running subcuticular 4-0 Vicryl closure  
Benzoin application  
Steri-strips application  
Sterile dressing application  
Postoperative stable condition  
Procedure
Extracted conditions (17): ['Right breast mass', 'Right breast carcinoma', 'Family history of breast cancer', 'Fine needle aspiration with suspicious cells', 'Right breast lumpectomy', 'Normal surgical margins', 'Pectoralis fascia excision', 'Frozen section margin assessment', 'Wound irrigation', 'Bovie cauterization', '3-0 Vicryl suture ligatures', 'Running subcuticular 4-0 Vicryl closure', 'Benzoin application', 'Steri-strips application', 'Sterile dressing application', 'Postoperative stable condition', 'Procedure']
Predicted (16): ['Z803', 'D241', 'D0501', 'R85610', 'Y6552', 'Y628', 'S46222D', 'S82855F', 'M84312D', 'K0851', 'T8142XA', 'C50311', 'L97111', 'S143XXD', 'H10503', 'X130XXS']
Recall:    0.500
Precision: 0.062
Time:      8.07s

============================================================
Case 21/54: case_21
Ground truth: ['I08.3', 'I13.2', 'I50.32', 'N18.6', 'D63.1', 'E78.5', 'Z86.19', 'Z99.2']
Severe aortic valve stenosis  
Moderate mitral valve regurgitation  
Calcified tricuspid valve  
Hypertensive kidney disease  
End-stage renal disease (ESRD)  
Dialysis dependence  
Anemia of chronic disease  
Dyslipidemia  
Hepatitis C  
Chronic diastolic heart failure  
Congestive heart failure  
Aortic valve replacement with tissue valve  
Mitral valve annuloplasty with annuloplasty ring  
Left
Extracted conditions (14): ['Severe aortic valve stenosis', 'Moderate mitral valve regurgitation', 'Calcified tricuspid valve', 'Hypertensive kidney disease', 'End-stage renal disease (ESRD)', 'Dialysis dependence', 'Anemia of chronic disease', 'Dyslipidemia', 'Hepatitis C', 'Chronic diastolic heart failure', 'Congestive heart failure', 'Aortic valve replacement with tissue valve', 'Mitral valve annuloplasty with annuloplasty ring', 'Left']
Predicted (14): ['I5032', 'N186', 'D631', 'Q253', 'Z992', 'B182', 'I5022', 'I110', 'E786', 'M5432', 'Z954', 'E440', 'H15851', 'S92031D']
Recall:    0.500
Precision: 0.286
Time:      9.37s

============================================================
Case 22/54: case_22
Ground truth: ['K56.50', 'E03.9', 'I10', 'E78.5', 'F43.0']
Hypothyroidism  
Hypertension  
Dyslipidemia  
Acute onset right flank pain  
Acute pain  
Palpable abdominal mass  
Small bowel obstruction  
Acute closed loop small bowel obstruction  
Adhesions  
Acute stress reaction  
Elevated blood pressure  
Exploratory laparotomy  
Lysis of adhesions  
Hysterectomy scar  
Supraumbilical extension of scar  
Non-obstructing adhesions  
Dilated loops
Extracted conditions (17): ['Hypothyroidism', 'Hypertension', 'Dyslipidemia', 'Acute onset right flank pain', 'Acute pain', 'Palpable abdominal mass', 'Small bowel obstruction', 'Acute closed loop small bowel obstruction', 'Adhesions', 'Acute stress reaction', 'Elevated blood pressure', 'Exploratory laparotomy', 'Lysis of adhesions', 'Hysterectomy scar', 'Supraumbilical extension of scar', 'Non-obstructing adhesions', 'Dilated loops']
Predicted (16): ['R10A1', 'G8911', 'K50012', 'R030', 'I110', 'E039', 'M26611', 'K5650', 'E786', 'K310', 'N806', 'S31607A', 'M84311S', 'L905', 'S31606S', 'T81518A']
Recall:    0.400
Precision: 0.125
Time:      8.03s

============================================================
Case 23/54: case_23
Ground truth: ['K40.91']
Recurrent right inguinal hernia  
Reducible right inguinal hernia  
Direct inguinal hernia  
Indirect ingu nad hernia  
History of right inguinal hernia repair  
Heavy lifting as occupation  
Well-nourished  
Well-built  
No other surgical history  
No other evident medical problems  
Normal chest x-ray  
Normal EKG  
Normal laboratory work  
Admission for surgical procedure  
Highly limited mobility postoperatively  
Short hospital recovery period  
Work
Extracted conditions (17): ['Recurrent right inguinal hernia', 'Reducible right inguinal hernia', 'Direct inguinal hernia', 'Indirect ingu nad hernia', 'History of right inguinal hernia repair', 'Heavy lifting as occupation', 'Well-nourished', 'Well-built', 'No other surgical history', 'No other evident medical problems', 'Normal chest x-ray', 'Normal EKG', 'Normal laboratory work', 'Admission for surgical procedure', 'Highly limited mobility postoperatively', 'Short hospital recovery period', 'Work']
Predicted (16): ['K4011', 'R9431', 'Y6552', 'R6889', 'Z9289', 'K4021', 'Y93F2', 'R402214', 'R918', 'R7989', 'S32485B', 'S82852F', 'S32615B', 'I5189', 'Y9372', 'L946']
Recall:    0.000
Precision: 0.000
Time:      9.73s

============================================================
Case 24/54: case_24
Ground truth: ['J96.21', 'J43.1', 'J1569', 'Z99.11']
Acute on Chronic Respiratory Failure with Hypoxia  
Panlobular Emphysema  
Gram-Negative Pneumonia  
Respiratory Failure  
Respiratory Insufficiency  
Respiratory Support Dependence  
Tracheostomy  
Tracheal Flap Creation  
Tracheal Incision  
Tracheal Stoma Formation  
Tracheal Dissection  
Thyroid Isthmus Division  
Cricoid Exposure  
Strap Muscle Division  
General Anesthesia  

Extracted conditions (15): ['Acute on Chronic Respiratory Failure with Hypoxia', 'Panlobular Emphysema', 'Gram-Negative Pneumonia', 'Respiratory Failure', 'Respiratory Insufficiency', 'Respiratory Support Dependence', 'Tracheostomy', 'Tracheal Flap Creation', 'Tracheal Incision', 'Tracheal Stoma Formation', 'Tracheal Dissection', 'Thyroid Isthmus Division', 'Cricoid Exposure', 'Strap Muscle Division', 'General Anesthesia']
Predicted (14): ['J431', 'J9621', 'J1569', 'P285', 'Z9911', 'J9509', 'T41206A', 'C540', 'J9502', 'S2753XA', 'W5819XD', 'S82852E', 'S32434K', 'S42018B']
Recall:    1.000
Precision: 0.286
Time:      7.88s

============================================================
Case 25/54: case_25
Ground truth: ['I49.5', 'I50.9']
symptomatic sick sinus syndrome  
marked sinus bradycardia  
dizziness  
confusion  
fatigue  
syncope  
congestive heart failure  
dual-chamber pacemaker placement  
subclavian vein cannulation  
right ventricular lead placement  
right atrial lead placement  
generator implantation  
subclavian vein puncture  
fluoroscopic guidance  
left clavicle anesthesia  
pacemaker pocket creation  
subcutaneous tissue incision  
antibiotic wound irrigation  

Extracted conditions (18): ['symptomatic sick sinus syndrome', 'marked sinus bradycardia', 'dizziness', 'confusion', 'fatigue', 'syncope', 'congestive heart failure', 'dual-chamber pacemaker placement', 'subclavian vein cannulation', 'right ventricular lead placement', 'right atrial lead placement', 'generator implantation', 'subclavian vein puncture', 'fluoroscopic guidance', 'left clavicle anesthesia', 'pacemaker pocket creation', 'subcutaneous tissue incision', 'antibiotic wound irrigation']
Predicted (18): ['I495', 'I5022', 'R55', 'G4751', 'R5383', 'L7681', 'P2912', 'Z950', 'S45292S', 'S25311S', 'I50814', 'Z792', 'I50811', 'S21241D', 'S32481S', 'Z45010', 'O09821', 'S99202K']
Recall:    0.500
Precision: 0.056
Time:      8.26s

============================================================
Case 26/54: case_26
Ground truth: ['I50.42', 'I11.0', 'J96.10', 'N39.0', 'S52.502A', 'W18.11XA', 'Y92.013', 'Z51.5', 'Z87.440', 'Z99.81']
Congestive heart failure  
Chronic respiratory failure  
Oxygen dependence  
Chronic combined systolic and diastual congestive heart failure  
Hypertension  
Fatigue  
Increased sleepiness  
Fall  
Left wrist swelling  
Left wrist bruising  
Left distal radius fracture  
Minimally angulated fracture  
Urinary tract infection  
Palliative care  
Supportive care  
Comfort care  
Respiratory distress  
Palliative care acceptance  
Terminal illness  
Sleep disturbance  
Weak
Extracted conditions (21): ['Congestive heart failure', 'Chronic respiratory failure', 'Oxygen dependence', 'Chronic combined systolic and diastual congestive heart failure', 'Hypertension', 'Fatigue', 'Increased sleepiness', 'Fall', 'Left wrist swelling', 'Left wrist bruising', 'Left distal radius fracture', 'Minimally angulated fracture', 'Urinary tract infection', 'Palliative care', 'Supportive care', 'Comfort care', 'Respiratory distress', 'Palliative care acceptance', 'Terminal illness', 'Sleep disturbance', 'Weak']
Predicted (19): ['R0603', 'P393', 'J9611', 'I5022', 'Z9981', 'M25532', 'S52322K', 'R5383', 'I110', 'G478', 'W06XXXA', 'F15182', 'S72401P', 'R64', 'S72452H', 'S066X9S', 'Z515', 'Z742', 'S82854R']
Recall:    0.300
Precision: 0.158
Time:      7.47s

============================================================
Case 27/54: case_27
Ground truth: ['H60.42', 'H66.92', 'Q87.410']
Cholesteatoma, left external ear  
Left chronic otitis media  
Purulent discharge, left external auditory canal  
Destruction of incus  
Destruction of malleus  
Destruction of stapes  
Destruction of stapes footplate  
Marfan's syndrome  
Aortic dilation  
Cardiovascular conditions  
Comorbid condition, Marfan's syndrome with cardiovascular conditions
Extracted conditions (11): ['Cholesteatoma, left external ear', 'Left chronic otitis media', 'Purulent discharge, left external auditory canal', 'Destruction of incus', 'Destruction of malleus', 'Destruction of stapes', 'Destruction of stapes footplate', "Marfan's syndrome", 'Aortic dilation', 'Cardiovascular conditions', "Comorbid condition, Marfan's syndrome with cardiovascular conditions"]
Predicted (9): ['H6042', 'H6522', 'Q87418', 'Q87410', 'H6003', 'Z136', 'T84213S', 'T2671XD', 'S8252XS']
Recall:    0.667
Precision: 0.222
Time:      5.60s

============================================================
Case 28/54: case_28
Ground truth: ['D66', 'M36.2']
Factor VIII deficiency  
Hemophilia, type A  
Factor VIII replacement therapy  
Therapeutic plasmapheresis  
Extracorporeal immunoadsorption  
Antecubital vein access  
Cell separator use  
Plasma flow monitoring  
ECI protein A columns  
Antibody absorption  
Plasma reinfusion  
Red blood cell reinfusion  
Hemophilic arthritis  
Knee arthropathy  
Joint bleeding  
Orthopedic evaluation  
Hospitalization for observation  

Extracted conditions (17): ['Factor VIII deficiency', 'Hemophilia, type A', 'Factor VIII replacement therapy', 'Therapeutic plasmapheresis', 'Extracorporeal immunoadsorption', 'Antecubital vein access', 'Cell separator use', 'Plasma flow monitoring', 'ECI protein A columns', 'Antibody absorption', 'Plasma reinfusion', 'Red blood cell reinfusion', 'Hemophilic arthritis', 'Knee arthropathy', 'Joint bleeding', 'Orthopedic evaluation', 'Hospitalization for observation']
Predicted (15): ['M362', 'M12562', 'Z6710', 'D66', 'D72822', 'T8022XS', 'R041', 'Z752', 'D802', 'Q782', 'I824Y9', 'D806', 'S75119S', 'R87610', 'K5221']
Recall:    1.000
Precision: 0.133
Time:      7.44s

============================================================
Case 29/54: case_29
Ground truth: ['F43.12', 'R45.851']
Posttraumatic stress disorder, chronic  
Suicide ideation  
Anxiety-like symptoms  
Pounding heart  
Sweating  
Trouble breathing  
Bad dreams of war experiences  
Difficulty falling asleep  
Difficulty staying asleep  
Interpersonal difficulties with family members  
Interpersonal difficulties with coworkers  
Angry outbursts  
Emotional numbing  
Admission to inpatient unit for evaluation and therapy  
Supportive psychotherapy  
Cognitive-behavioral therapy  
Outpatient cognitive-behavioral therapy
Extracted conditions (17): ['Posttraumatic stress disorder, chronic', 'Suicide ideation', 'Anxiety-like symptoms', 'Pounding heart', 'Sweating', 'Trouble breathing', 'Bad dreams of war experiences', 'Difficulty falling asleep', 'Difficulty staying asleep', 'Interpersonal difficulties with family members', 'Interpersonal difficulties with coworkers', 'Angry outbursts', 'Emotional numbing', 'Admission to inpatient unit for evaluation and therapy', 'Supportive psychotherapy', 'Cognitive-behavioral therapy', 'Outpatient cognitive-behavioral therapy']
Predicted (17): ['F4312', 'F064', 'L758', 'R0689', 'R4586', 'R402324', 'T1491XA', 'I69218', 'R12', 'F515', 'Z1330', 'Z5689', 'T75830S', 'S63298A', 'T40995S', 'S72443K', 'S82301P']
Recall:    0.500
Precision: 0.059
Time:      6.83s

============================================================
Case 30/54: case_30
Ground truth: ['K95.09', 'E66.9', 'Z68.41', 'E86.0']
Complication of gastric band  
Obesity with BMI of 40  
Dehydration  
Gastric band malposition  
Intervertebral disc displacement  
Nausea  
Vomiting  
Weakness  
Epigastric abdominal pain  
Gastric band displacement  
Gastric band removal  
Abdominal pain  
Dehydration treatment  
Hospitalization for monitoring  
Fluid intake monitoring  
Gastric band port removal  
Laparoscopic procedure  
Postoperative hospitalization
Extracted conditions (18): ['Complication of gastric band', 'Obesity with BMI of 40', 'Dehydration', 'Gastric band malposition', 'Intervertebral disc displacement', 'Nausea', 'Vomiting', 'Weakness', 'Epigastric abdominal pain', 'Gastric band displacement', 'Gastric band removal', 'Abdominal pain', 'Dehydration treatment', 'Hospitalization for monitoring', 'Fluid intake monitoring', 'Gastric band port removal', 'Laparoscopic procedure', 'Postoperative hospitalization']
Predicted (13): ['R531', 'R110', 'E860', 'R1013', 'K9509', 'Z6841', 'R1111', 'R1084', 'M5127', 'R638', 'Z48813', 'Z0383', 'Y6552']
Recall:    0.750
Precision: 0.231
Time:      6.32s

============================================================
Case 31/54: case_31
Ground truth: ['H16.072', 'Z94.7', 'Q90.9']
Down syndrome  
Penetrating keratoplasty  
Corneal ulcer  
Corneal perforation  
Repeat penetrating keratoplasty  
Percutaneous approach  
Flat anterior chamber  
Donor cornea preparation  
Previous donor cornea removal  
10-0 nylon cardinal sutures  
Symmetrical rhomboid crease  
10-0 nylon sutures  
Intermittent chamber formation  
Wound leak check  
Subtenon injection of Depo-Medrol  
Subten
Extracted conditions (16): ['Down syndrome', 'Penetrating keratoplasty', 'Corneal ulcer', 'Corneal perforation', 'Repeat penetrating keratoplasty', 'Percutaneous approach', 'Flat anterior chamber', 'Donor cornea preparation', 'Previous donor cornea removal', '10-0 nylon cardinal sutures', 'Symmetrical rhomboid crease', '10-0 nylon sutures', 'Intermittent chamber formation', 'Wound leak check', 'Subtenon injection of Depo-Medrol', 'Subten']
Predicted (15): ['Z525', 'H16012', 'H44412', 'K223', 'Q909', 'H59019', 'H18831', 'H15853', 'T50916S', 'J9382', 'Z5333', 'S63071S', 'S72445E', 'Z4802', 'S72142E']
Recall:    0.333
Precision: 0.067
Time:      7.61s

============================================================
Case 32/54: case_32
Ground truth: ['J90']
Empyema  
Loculated pleural effusion  
Septated pleural cavity  
Pleural cavity septations  
Pleural effusion  
Tissue plasminogen activator administration  
Percutaneous catheter placement  
Pleural cavity drainage  
Chronic pleural effusion  
Pleural cavity treatment  
Pleural cavity intervention
Extracted conditions (11): ['Empyema', 'Loculated pleural effusion', 'Septated pleural cavity', 'Pleural cavity septations', 'Pleural effusion', 'Tissue plasminogen activator administration', 'Percutaneous catheter placement', 'Pleural cavity drainage', 'Chronic pleural effusion', 'Pleural cavity treatment', 'Pleural cavity intervention']
Predicted (10): ['J9381', 'S2769XS', 'A46', 'S2763XS', 'J342', 'S21401S', 'C452', 'Z5332', 'S42472D', 'S82032F']
Recall:    0.000
Precision: 0.000
Time:      4.93s

============================================================
Case 33/54: case_33
Ground truth: ['C71.3', 'C78.01', 'R73.03', 'F17.210']
Headache, severe, worst headache of life  
Nausea  
Visual disturbances  
Dizziness  
Chest discomfort, vague  
Headache, prior, several months duration  
Headache, prior, not severe  
Cerebral edema, significant, parietal lobe  
Three ring-enhancing lesion, parietal lobe  
Metastasis, lung  
Giant cell glioblastoma multiforme, parietal lobe  
Cavitating pulmonary lesion, right lung
Extracted conditions (12): ['Headache, severe, worst headache of life', 'Nausea', 'Visual disturbances', 'Dizziness', 'Chest discomfort, vague', 'Headache, prior, several months duration', 'Headache, prior, not severe', 'Cerebral edema, significant, parietal lobe', 'Three ring-enhancing lesion, parietal lobe', 'Metastasis, lung', 'Giant cell glioblastoma multiforme, parietal lobe', 'Cavitating pulmonary lesion, right lung']
Predicted (12): ['R110', 'H538', 'G936', 'S06895S', 'R0789', 'C713', 'C3431', 'Q6671', 'S06360S', 'G44221', 'R900', 'S32481S']
Recall:    0.250
Precision: 0.083
Time:      7.40s

============================================================
Case 34/54: case_34
Ground truth: ['I85.11', 'K70.30', 'F10.239', 'D69.6']
Alcoholic liver cirrhosis  
Esophageal varices  
Bleeding esophageal varices  
Alcoholism  
Alcoholic withdrawal  
Thrombocytopenia  
Upper GI endoscopy  
Alcohol dependence  
Alcohol use disorder  
Esophageal varices secondary to alcoholic liver cirrhosis  
Alcohol withdrawal management  
Alcohol withdrawal treatment  
Alcohol detoxification therapy  
Alcoholics Anonymous participation  
Community support systems for recovering alcoholics  
Gastrointestinal bleeding
Extracted conditions (16): ['Alcoholic liver cirrhosis', 'Esophageal varices', 'Bleeding esophageal varices', 'Alcoholism', 'Alcoholic withdrawal', 'Thrombocytopenia', 'Upper GI endoscopy', 'Alcohol dependence', 'Alcohol use disorder', 'Esophageal varices secondary to alcoholic liver cirrhosis', 'Alcohol withdrawal management', 'Alcohol withdrawal treatment', 'Alcohol detoxification therapy', 'Alcoholics Anonymous participation', 'Community support systems for recovering alcoholics', 'Gastrointestinal bleeding']
Predicted (14): ['I8501', 'K7031', 'F10188', 'I8511', 'F10288', 'F10130', 'Z6372', 'Z13810', 'K2901', 'F10230', 'D75828', 'F1021', 'F1011', 'Z7141']
Recall:    0.250
Precision: 0.071
Time:      8.37s

============================================================
Case 35/54: case_35
Ground truth: ['G61.0']
Guillain-Barre Syndrome  
Intervertebral Disc Displacement  
Viral Respiratory Infection  
Symmetrical Weakness  
Abnormal Sensations  
Progressive Neurological Weakness  
Spinal Fluid Protein Increase  
Plasmapheresis Therapy  
Neurological Follow-up  
Nerve Conduction Study  
Physical Therapy Referral
Extracted conditions (11): ['Guillain-Barre Syndrome', 'Intervertebral Disc Displacement', 'Viral Respiratory Infection', 'Symmetrical Weakness', 'Abnormal Sensations', 'Progressive Neurological Weakness', 'Spinal Fluid Protein Increase', 'Plasmapheresis Therapy', 'Neurological Follow-up', 'Nerve Conduction Study', 'Physical Therapy Referral']
Predicted (11): ['G610', 'J121', 'G603', 'M5127', 'R293', 'G970', 'Z052', 'R531', 'Z79890', 'S92255K', 'S86891S']
Recall:    1.000
Precision: 0.091
Time:      5.23s

============================================================
Case 36/54: case_36
Ground truth: ['M23.221', 'I11.9']
Hypertensive heart disease  
Hypertension  
Right knee medial meniscectomy  
Old medial meniscus tear  
Football playing injury  
Intact anterior cruciate ligament notch  
Intact posterior cruciate ligament notch  
Intact lateral meniscus  
Intact articular cartilage surfaces  
Postoperative recovery  
Postoperative pain control with Marcaine  
Postoperative sterile dressing  
Postoperative overnight hospital monitoring  
Previous hypertensive crisis  
Previous intensive care unit admission  
Arthro
Extracted conditions (16): ['Hypertensive heart disease', 'Hypertension', 'Right knee medial meniscectomy', 'Old medial meniscus tear', 'Football playing injury', 'Intact anterior cruciate ligament notch', 'Intact posterior cruciate ligament notch', 'Intact lateral meniscus', 'Intact articular cartilage surfaces', 'Postoperative recovery', 'Postoperative pain control with Marcaine', 'Postoperative sterile dressing', 'Postoperative overnight hospital monitoring', 'Previous hypertensive crisis', 'Previous intensive care unit admission', 'Arthro']
Predicted (15): ['I110', 'M23031', 'M23231', 'I169', 'S83279S', 'I97191', 'S76291A', 'M2410', 'Y628', 'Q743', 'S82045D', 'S82125D', 'O894', 'Y790', 'T24092A']
Recall:    0.000
Precision: 0.000
Time:      7.27s

============================================================
Case 37/54: case_37
Ground truth: ['C18.4', 'D63.0']
Primary Malignancy of Transverse Colon  
Severe Anemia  
Anemia Associated with Malignancy  
Weakness  
Chemotherapy Cancellation  
Nonautologous Packed Red Blood Cell Transfusion  
Peripheral Vein Blood Transfusion
Extracted conditions (7): ['Primary Malignancy of Transverse Colon', 'Severe Anemia', 'Anemia Associated with Malignancy', 'Weakness', 'Chemotherapy Cancellation', 'Nonautologous Packed Red Blood Cell Transfusion', 'Peripheral Vein Blood Transfusion']
Predicted (7): ['R531', 'C184', 'D630', 'P612', 'D594', 'I872', 'T451X6S']
Recall:    1.000
Precision: 0.286
Time:      3.47s

============================================================
Case 38/54: case_38
Ground truth: ['I21.09', 'I25.10']
Acute type 1 ST elevation anterolateral wall myocardial infarction  
Coronary artery disease  
Percutaneous transluminal angioplasty  
Coronary artery stenting  
Non-drug-eluting stent placement  
Uncomplicated recovery  
Cardiac rehabilitation referral
Extracted conditions (7): ['Acute type 1 ST elevation anterolateral wall myocardial infarction', 'Coronary artery disease', 'Percutaneous transluminal angioplasty', 'Coronary artery stenting', 'Non-drug-eluting stent placement', 'Uncomplicated recovery', 'Cardiac rehabilitation referral']
Predicted (7): ['I2541', 'Z9862', 'S89012G', 'T8621', 'S92055D', 'O039', 'S7222XD']
Recall:    0.000
Precision: 0.000
Time:      4.92s

============================================================
Case 39/54: case_39
Ground truth: ['J18.9', 'C90.00', 'D61.810', 'T45.1X5A']
Multiple myeloma  
Cough  
Fever  
Chills  
Weakness  
Pneumonia, left lower lobe  
Respiratory therapy  
Intravenous antibiotics  
Supportive care  
Elevated BUN  
Elevated glucose  
Sputum culture negative  
Blood culture negative  
Hemoglobin 9.3  
Hematocrit 27  
White blood cell count 3,200  
Platelets 126,000  

Extracted conditions (17): ['Multiple myeloma', 'Cough', 'Fever', 'Chills', 'Weakness', 'Pneumonia, left lower lobe', 'Respiratory therapy', 'Intravenous antibiotics', 'Supportive care', 'Elevated BUN', 'Elevated glucose', 'Sputum culture negative', 'Blood culture negative', 'Hemoglobin 9.3', 'Hematocrit 27', 'White blood cell count 3,200', 'Platelets 126,000']
Predicted (17): ['R531', 'R054', 'D72828', 'E7841', 'C9002', 'R502', 'J851', 'R823', 'R825', 'R092', 'R710', 'T411X5A', 'A4159', 'A920', 'R093', 'D75838', 'Z515']
Recall:    0.000
Precision: 0.000
Time:      9.89s

============================================================
Case 40/54: case_40
Ground truth: ['G83.4', 'M48.062']
Cauda equina syndrome  
Lumbar spinal stenosis with neurogenic claudication  
Acute worsening of chronic lower back pain  
Sudden difficulty in urinating  
Numbness  
Weakness in legs  
Severe spinal stenosis at L5  
Neurological condition requiring monitoring  
Emergent decompression of spinal cord  
L5 laminectomy performed
Extracted conditions (10): ['Cauda equina syndrome', 'Lumbar spinal stenosis with neurogenic claudication', 'Acute worsening of chronic lower back pain', 'Sudden difficulty in urinating', 'Numbness', 'Weakness in legs', 'Severe spinal stenosis at L5', 'Neurological condition requiring monitoring', 'Emergent decompression of spinal cord', 'L5 laminectomy performed']
Predicted (10): ['G834', 'M48062', 'R531', 'M4807', 'G894', 'S34115D', 'R3915', 'Z052', 'S24139A', 'S90424S']
Recall:    1.000
Precision: 0.200
Time:      5.67s

============================================================
Case 41/54: case_41
Ground truth: ['G20A1', 'L02.212']
Parkinson's disease  
Progressive Parkinson's disease  
Increased rigidity  
Loss of speech  
Inability to walk  
Inability to stand  
Cutaneous abscess  
Left lower back abscess  
Abscess irritation by transfer belt  
Abscess size increase  
Abscess drainage  
Antiparkinson agent adjustment  
Carbidopa-levodopa dose adjustment  
General anesthesia  
Right lateral decubitus position  
Local anesthetic infiltration  
Elliptical incision  
Abscess unroofing  

Extracted conditions (18): ["Parkinson's disease", "Progressive Parkinson's disease", 'Increased rigidity', 'Loss of speech', 'Inability to walk', 'Inability to stand', 'Cutaneous abscess', 'Left lower back abscess', 'Abscess irritation by transfer belt', 'Abscess size increase', 'Abscess drainage', 'Antiparkinson agent adjustment', 'Carbidopa-levodopa dose adjustment', 'General anesthesia', 'Right lateral decubitus position', 'Local anesthetic infiltration', 'Elliptical incision', 'Abscess unroofing']
Predicted (15): ['L0201', 'H00035', 'G20B2', 'G1222', 'K750', 'F804', 'T428X5A', 'T41206A', 'S53141D', 'R1930', 'T502X6S', 'Q7232', 'S01102D', 'T24392A', 'T24091S']
Recall:    0.000
Precision: 0.000
Time:      8.51s

============================================================
Case 42/54: case_42
Ground truth: ['D09.0', 'E11.9', 'I10']
Papillary transitional cell carcinoma in situ of the anterior wall of the bladder  
Papillary transitional cell carcinoma in situ of the lateral wall of the bladder  
Type 2 diabetes mellitus  
Hypertension  
Transurethral endoscopic fulguration of a bladder tumor  
Transurethral endoscopic biopsy by excision of a bladder lesion  
Postoperative clear urine  
Discontinuation of intravenous fluids  
Postsurgical antibiotic therapy  
Continuation of diabetes medications  
Continuation of
Extracted conditions (11): ['Papillary transitional cell carcinoma in situ of the anterior wall of the bladder', 'Papillary transitional cell carcinoma in situ of the lateral wall of the bladder', 'Type 2 diabetes mellitus', 'Hypertension', 'Transurethral endoscopic fulguration of a bladder tumor', 'Transurethral endoscopic biopsy by excision of a bladder lesion', 'Postoperative clear urine', 'Discontinuation of intravenous fluids', 'Postsurgical antibiotic therapy', 'Continuation of diabetes medications', 'Continuation of']
Predicted (11): ['E1165', 'C673', 'C672', 'I110', 'Z7984', 'M964', 'Q6411', 'Z126', 'R82998', 'O046', 'S42021D']
Recall:    0.000
Precision: 0.000
Time:      7.30s

============================================================
Case 43/54: case_43
Ground truth: ['I24.9', 'I25.10']
Acute coronary syndrome  
Arteriosclerotic coronary artery disease  
Coronary arteriosclerosis  
Coronary artery disease  
Coronary artery occlusion  
Left anterior descending artery occlusion  
Coronary angioplasty  
Coronary stent placement  
Nondrug-eluting coronary stent  
Diagnostic cardiac catheterization  
Fluoroscopic coronary arteriography  
Low osmolar contrast media use  
Judkin technique  
Coronary artery disease of other vessels
Extracted conditions (14): ['Acute coronary syndrome', 'Arteriosclerotic coronary artery disease', 'Coronary arteriosclerosis', 'Coronary artery disease', 'Coronary artery occlusion', 'Left anterior descending artery occlusion', 'Coronary angioplasty', 'Coronary stent placement', 'Nondrug-eluting coronary stent', 'Diagnostic cardiac catheterization', 'Fluoroscopic coronary arteriography', 'Low osmolar contrast media use', 'Judkin technique', 'Coronary artery disease of other vessels']
Predicted (13): ['I2582', 'I708', 'I6612', 'I2541', 'Z9861', 'I25111', 'I2481', 'R931', 'S7225XD', 'E871', 'M96A1', 'Y35813D', 'S7222XD']
Recall:    0.000
Precision: 0.000
Time:      7.29s

============================================================
Case 44/54: case_44
Ground truth: ['M70.42', 'M22.42']
Enlarged prostate  
Urinary retention  
Acute renal failure  
Sore knees  
Difficulty walking  
Limitation of activities of daily living  
Stiffness of knees  
Pain in knees  
Fear of falling  
Left knee arthritis  
Right knee arthritis  
Patellar involvement in left knee  
Patellofemoral joint pathology  
Chondromalacia of patella (left knee)  
Grade-2 chondromalacia  
Grade-3 chondromalacia  
Prepat
Extracted conditions (17): ['Enlarged prostate', 'Urinary retention', 'Acute renal failure', 'Sore knees', 'Difficulty walking', 'Limitation of activities of daily living', 'Stiffness of knees', 'Pain in knees', 'Fear of falling', 'Left knee arthritis', 'Right knee arthritis', 'Patellar involvement in left knee', 'Patellofemoral joint pathology', 'Chondromalacia of patella (left knee)', 'Grade-2 chondromalacia', 'Grade-3 chondromalacia', 'Prepat']
Predicted (15): ['M2242', 'M25562', 'M25561', 'M7652', 'N178', 'Z736', 'M222X2', 'R338', 'M25661', 'M94261', 'Z9181', 'H05341', 'Z7389', 'S1254XS', 'S99091S']
Recall:    0.500
Precision: 0.067
Time:      9.66s

============================================================
Case 45/54: case_45
Ground truth: ['G90.01']
Neurocardiogenic syncope  
Carotid sinus syndrome  
Carotid sinus hypersensitivity  
Dual-chamber permanent pacemaker implantation  
Subcutaneous pacemaker device placement  
Right atrial lead insertion  
Right ventricular lead insertion  
Percutaneous lead insertion  
Chronic syncope history  
Cardiac pacemaker implantation for carotid sinus syndrome
Extracted conditions (10): ['Neurocardiogenic syncope', 'Carotid sinus syndrome', 'Carotid sinus hypersensitivity', 'Dual-chamber permanent pacemaker implantation', 'Subcutaneous pacemaker device placement', 'Right atrial lead insertion', 'Right ventricular lead insertion', 'Percutaneous lead insertion', 'Chronic syncope history', 'Cardiac pacemaker implantation for carotid sinus syndrome']
Predicted (8): ['G9001', 'J310', 'R55', 'I2111', 'I50811', 'Z950', 'S42265D', 'S92324G']
Recall:    1.000
Precision: 0.125
Time:      5.36s

============================================================
Case 46/54: case_46
Ground truth: ['H44.511', 'H57.11', 'D66']
Absolute glaucoma  
Right eye pain  
Visual loss in right eye  
Chronic eye pain  
Intervertebral disc displacement  
Hemophilia A  
Post-operative bleeding risk  
Ocular implant placement  
Open evisceration of ocular contents  
Long-standing hemophilia A history
Extracted conditions (10): ['Absolute glaucoma', 'Right eye pain', 'Visual loss in right eye', 'Chronic eye pain', 'Intervertebral disc displacement', 'Hemophilia A', 'Post-operative bleeding risk', 'Ocular implant placement', 'Open evisceration of ocular contents', 'Long-standing hemophilia A history']
Predicted (10): ['H5711', 'H53131', 'H44511', 'G894', 'M362', 'M5127', 'Z8679', 'T82838S', 'S01159D', 'T85328A']
Recall:    0.667
Precision: 0.200
Time:      4.46s

============================================================
Case 47/54: case_47
Ground truth: ['K55.029', 'K55.049', 'A41.51', 'J96.00', 'I10', 'E03.9', 'R65.20', 'Z51.5']
Acute ischemic and gangrenous intestine  
Acute respiratory failure  
E. coli septicemia  
Hypertension  
Hypothyroidism  
Septicemia  
Intra-abdominal source of infection  
Respiratory distress  
Intubation  
Mechanical ventilation  
Exploratory laparotomy  
Acute bowel ischemia  
Gangrene of small bowel  
Gangrene of right colon  
Poor prognosis  
Hospice care  
Extubation  
Terminal illness
Extracted conditions (18): ['Acute ischemic and gangrenous intestine', 'Acute respiratory failure', 'E. coli septicemia', 'Hypertension', 'Hypothyroidism', 'Septicemia', 'Intra-abdominal source of infection', 'Respiratory distress', 'Intubation', 'Mechanical ventilation', 'Exploratory laparotomy', 'Acute bowel ischemia', 'Gangrene of small bowel', 'Gangrene of right colon', 'Poor prognosis', 'Hospice care', 'Extubation', 'Terminal illness']
Predicted (17): ['R0603', 'A4151', 'J9601', 'K55059', 'A207', 'I110', 'A480', 'E039', 'K82A1', 'S36898A', 'T884XXA', 'S31607A', 'J95850', 'J9811', 'S066X9S', 'T500X5A', 'T491X2S']
Recall:    0.250
Precision: 0.118
Time:      7.79s

============================================================
Case 48/54: case_48
Ground truth: ['L89.156', 'I50.32', 'I25.10', 'I25.82']
Pressure-induced deep tissue damage of the sacral region  
Intervertebral disc displacement at the coccygeal level  
Chronic diastolic heart failure  
Coronary artery disease with total chronic occlusion in at least two vessels  
Wound debridement of the sacral region  
Bone exposure in the sacral region  
Fascial involvement in the sacral region  
Chronic wound status of the sacral region  
Surgical excision of the sacral wound  
Postoperative care
Extracted conditions (10): ['Pressure-induced deep tissue damage of the sacral region', 'Intervertebral disc displacement at the coccygeal level', 'Chronic diastolic heart failure', 'Coronary artery disease with total chronic occlusion in at least two vessels', 'Wound debridement of the sacral region', 'Bone exposure in the sacral region', 'Fascial involvement in the sacral region', 'Chronic wound status of the sacral region', 'Surgical excision of the sacral wound', 'Postoperative care']
Predicted (9): ['L89156', 'I5032', 'I2582', 'M9904', 'M4628', 'M50221', 'L89153', 'S34131D', 'Z483']
Recall:    0.750
Precision: 0.333
Time:      6.67s

============================================================
Case 49/54: case_49
Ground truth: ['K26.0', 'K44.9']
Bright red hematemesis  
Acute hemorrhaging duodenal ulcer  
Sliding hiatal hernia  
Endoscopic cauterization of bleeding points  
Post-endoscopic recovery  
Discharge with medications  
Scheduled follow-up appointments
Extracted conditions (7): ['Bright red hematemesis', 'Acute hemorrhaging duodenal ulcer', 'Sliding hiatal hernia', 'Endoscopic cauterization of bleeding points', 'Post-endoscopic recovery', 'Discharge with medications', 'Scheduled follow-up appointments']
Predicted (7): ['K260', 'K920', 'Z392', 'K2211', 'S06895S', 'S82854F', 'T497X4S']
Recall:    0.500
Precision: 0.143
Time:      3.73s

============================================================
Case 50/54: case_50
Ground truth: ['C44.41', 'L57.0']
Basal Cell Carcinoma  
Actinic Keratosis  
Scalp Lesion  
Skin Lesion  
Frozen Section Biopsy  
Punch Biopsy  
Excision of Skin Lesion  
Wound Closure  
Tension on Scalp  
Need for Plastic Surgery Consultation  
Referral for Plastic Surgery  
Follow-up Scheduled
Extracted conditions (12): ['Basal Cell Carcinoma', 'Actinic Keratosis', 'Scalp Lesion', 'Skin Lesion', 'Frozen Section Biopsy', 'Punch Biopsy', 'Excision of Skin Lesion', 'Wound Closure', 'Tension on Scalp', 'Need for Plastic Surgery Consultation', 'Referral for Plastic Surgery', 'Follow-up Scheduled']
Predicted (11): ['L570', 'C44511', 'Z392', 'S0001XS', 'K1379', 'Z428', 'Z481', 'F424', 'P123', 'T3441XS', 'T310']
Recall:    0.500
Precision: 0.091
Time:      6.02s

============================================================
Case 51/54: case_51
Ground truth: ['D59.11', 'M32.9']
Acquired hemolytic anemia, autoimmune type with warm-reactive (IgG) antibodies  
Systemic lupus erythematosus  
Warm-reactive (IgG) antibodies  
Red blood cell destruction  
Total splenectomy  
Splenectomy, open  
Splenectomy, total  
Hemolytic anemia, autoimmune type  
Autoimmune hemolytic anemia  
Chronic glucocorticoid therapy  
Prednisone therapy  
Glucocorticoid treatment failure
Extracted conditions (12): ['Acquired hemolytic anemia, autoimmune type with warm-reactive (IgG) antibodies', 'Systemic lupus erythematosus', 'Warm-reactive (IgG) antibodies', 'Red blood cell destruction', 'Total splenectomy', 'Splenectomy, open', 'Splenectomy, total', 'Hemolytic anemia, autoimmune type', 'Autoimmune hemolytic anemia', 'Chronic glucocorticoid therapy', 'Prednisone therapy', 'Glucocorticoid treatment failure']
Predicted (12): ['D5919', 'D5913', 'M328', 'D599', 'J370', 'T380X5A', 'R718', 'E273', 'D806', 'Y836', 'S41001D', 'D735']
Recall:    0.000
Precision: 0.000
Time:      6.70s

============================================================
Case 52/54: case_52
Ground truth: ['H44.011']
Acute panophthalmitis  
Infected joints  
Sepsis  
Red swollen eye  
Anterior chamber pus  
Hypopyon  
Retina flat  
Vitreous aspiration  
Intra-vitreal anti-infective agent injection  
Vitreous sample for culture  
Surgical drainage of right eye vitreous  
Anterior sclerotomy  
Intra-vitreal vancomycin injection  
Intra-vitreal ceftazidime injection  
Lid speculum
Extracted conditions (15): ['Acute panophthalmitis', 'Infected joints', 'Sepsis', 'Red swollen eye', 'Anterior chamber pus', 'Hypopyon', 'Retina flat', 'Vitreous aspiration', 'Intra-vitreal anti-infective agent injection', 'Vitreous sample for culture', 'Surgical drainage of right eye vitreous', 'Anterior sclerotomy', 'Intra-vitreal vancomycin injection', 'Intra-vitreal ceftazidime injection', 'Lid speculum']
Predicted (15): ['H44012', 'H20051', 'R6521', 'H15012', 'H4311', 'M01X9', 'R143', 'T3796XA', 'H44029', 'H16312', 'H02841', 'H02135', 'K562', 'S66101A', 'S62131B']
Recall:    0.000
Precision: 0.000
Time:      7.43s

============================================================
Case 53/54: case_53
Ground truth: ['I82.431', 'I50.9']
Congestive heart failure  
Compensated congestive heart failure  
Posterior calf pain  
Warmth  
Swelling of the proximal right lower leg  
Thrombus of the right popliteal vein  
Intravascular thrombus  
Risk of pulmonary embolism  
Risk of further venous embolization  
Anticoagulant therapy  
Prothrombin time (PT) laboratory tests  
Home health nurse services  
Ongoing anticoagulant monitoring
Extracted conditions (13): ['Congestive heart failure', 'Compensated congestive heart failure', 'Posterior calf pain', 'Warmth', 'Swelling of the proximal right lower leg', 'Thrombus of the right popliteal vein', 'Intravascular thrombus', 'Risk of pulmonary embolism', 'Risk of further venous embolization', 'Anticoagulant therapy', 'Prothrombin time (PT) laboratory tests', 'Home health nurse services', 'Ongoing anticoagulant monitoring']
Predicted (11): ['I82431', 'I5022', 'R2241', 'Z7901', 'Z86711', 'Z750', 'L97224', 'T82818S', 'D47Z1', 'I823', 'E873']
Recall:    0.500
Precision: 0.091
Time:      6.77s

============================================================
Case 54/54: case_54
Ground truth: ['D50.9']
Iron deficiency anemia  
Anemia  
Hypercellular marrow  
Diminished iron  
Bone marrow aspiration biopsy  
Right iliac crest biopsy  
Iron deficiency anemia (confirmed by consultant)  
Iron deficiency anemia (confirmed by pathologist)  
Consultation for hematologist  
Hematologic consultation
Extracted conditions (10): ['Iron deficiency anemia', 'Anemia', 'Hypercellular marrow', 'Diminished iron', 'Bone marrow aspiration biopsy', 'Right iliac crest biopsy', 'Iron deficiency anemia (confirmed by consultant)', 'Iron deficiency anemia (confirmed by pathologist)', 'Consultation for hematologist', 'Hematologic consultation']
Predicted (7): ['E611', 'D508', 'M7621', 'N857', 'Z523', 'S42445K', 'R361']
Recall:    0.000
Precision: 0.000
Time:      4.16s

============================================================
SUMMARY — Version A (retrieval only)
============================================================
Cases:              54
Average recall:     0.361
Average precision:  0.090
Average time/case:  6.75s
Total time:         364.5s

Detailed results saved to data/results_retrieval_only.json
