Warning: You are sending unauthenticated requests to the HF Hub. Please set a HF_TOKEN to enable higher rate limits and faster downloads.
Loaded 10 cases
Loading embedding model: pritamdeka/S-PubMedBert-MS-MARCO
Loading weights:   0%|          | 0/199 [00:00<?, ?it/s]Loading weights: 100%|██████████| 199/199 [00:00<00:00, 66507.29it/s]

============================================================
Case 1/10: case_1
Ground truth: ['F11.23']
Severe opioid use disorder  
Withdrawal symptoms  
Substance use disorder  
Drug dependence  
Opioid dependence  
Addiction  
Psychological distress  
Substance abuse  
Drug detoxification history  
Recovery planning  
Residential treatment planning  
Rehabilitation planning  
Job training planning  
Drug-free recovery planning
Extracted conditions (14): ['Severe opioid use disorder', 'Withdrawal symptoms', 'Substance use disorder', 'Drug dependence', 'Opioid dependence', 'Addiction', 'Psychological distress', 'Substance abuse', 'Drug detoxification history', 'Recovery planning', 'Residential treatment planning', 'Rehabilitation planning', 'Job training planning', 'Drug-free recovery planning']
Predicted (14): ['F1123', 'F11188', 'P962', 'F19188', 'F1423', 'F88', 'F558', 'Z6372', 'F1921', 'T424X2S', 'Z428', 'Z7182', 'Z483', 'O09211']
Recall:    1.000
Precision: 0.071
Time:      10.97s

============================================================
Case 2/10: case_2
Ground truth: ['C53.9']
Cervical dysplasia  
Cervical carcinoma  
Postprocedural hemorrhage  
Cervical conization  
Histopathologic findings of cervical carcinoma  
Inconclusive colposcopy biopsy results  
Possible cervical malignancy
Extracted conditions (7): ['Cervical dysplasia', 'Cervical carcinoma', 'Postprocedural hemorrhage', 'Cervical conization', 'Histopathologic findings of cervical carcinoma', 'Inconclusive colposcopy biopsy results', 'Possible cervical malignancy']
Predicted (5): ['N870', 'H9542', 'R87614', 'R87615', 'S02631A']
Recall:    0.000
Precision: 0.000
Time:      3.62s

============================================================
Case 3/10: case_3
Ground truth: ['T18.128A']
Esophageal food impaction  
Acute nausea  
Inability to tolerate oral intake  
Abdominal pain  
Gastric distension  
Esophageal obstruction  
Foreign body in esophagus
Extracted conditions (7): ['Esophageal food impaction', 'Acute nausea', 'Inability to tolerate oral intake', 'Abdominal pain', 'Gastric distension', 'Esophageal obstruction', 'Foreign body in esophagus']
Predicted (7): ['K222', 'R110', 'T18108D', 'R1084', 'R140', 'T18128D', 'R7302']
Recall:    0.000
Precision: 0.000
Time:      3.47s

============================================================
Case 4/10: case_4
Ground truth: ['A41.4', 'K61.0']
Sepsis  
Perianal abscess  
Anal canal mucosal injury  
Bacteremia  
Hypotension  
Tachycardia  
Fever  
Purulent drainage  
Anaerobic bacterial infection  
Bacteremia due to B. fragilis  
Abscess cavity  
Anorectal infection  
B. fragilis sepsis  
Anorectal abscess  
Anorectal fluctuant mass  
Anorectal tenderness  
Anorectal inflammation  
Anore
Extracted conditions (18): ['Sepsis', 'Perianal abscess', 'Anal canal mucosal injury', 'Bacteremia', 'Hypotension', 'Tachycardia', 'Fever', 'Purulent drainage', 'Anaerobic bacterial infection', 'Bacteremia due to B. fragilis', 'Abscess cavity', 'Anorectal infection', 'B. fragilis sepsis', 'Anorectal abscess', 'Anorectal fluctuant mass', 'Anorectal tenderness', 'Anorectal inflammation', 'Anore']
Predicted (13): ['R7881', 'K612', 'I953', 'R430', 'R6521', 'P2911', 'K610', 'B966', 'R502', 'K750', 'A414', 'S36593A', 'H44003']
Recall:    1.000
Precision: 0.154
Time:      6.95s

============================================================
Case 5/10: case_5
Ground truth: ['M16.4']
Posttraumatic osteoarthritis  
Intervertebral disc displacement  
Fibroid uterus  
Pneumonia  
Hip replacement surgery  
Ceramic-on-ceramic hip replacement bearing surface  
Physical therapy  
Sports medicine center follow-up  
Right hip replacement scheduled
Extracted conditions (9): ['Posttraumatic osteoarthritis', 'Intervertebral disc displacement', 'Fibroid uterus', 'Pneumonia', 'Hip replacement surgery', 'Ceramic-on-ceramic hip replacement bearing surface', 'Physical therapy', 'Sports medicine center follow-up', 'Right hip replacement scheduled']
Predicted (9): ['J151', 'M5127', 'M19112', 'M24451', 'D250', 'T84050D', 'T84060D', 'Y93A3', 'Z13828']
Recall:    0.000
Precision: 0.000
Time:      3.88s

============================================================
Case 6/10: case_6
Ground truth: ['M51.26', 'M47.26']
Low back pain  
Numbness of the left leg  
Herniated intervertebral disc  
Osteoarthritis of the lumbar spine  
Radiculopathy  
Intervertebral disc displacement  
Lumbar spinal stenosis  
Nucleus pulposus extrusion  
Annulus fibrosus integrity maintained
Extracted conditions (9): ['Low back pain', 'Numbness of the left leg', 'Herniated intervertebral disc', 'Osteoarthritis of the lumbar spine', 'Radiculopathy', 'Intervertebral disc displacement', 'Lumbar spinal stenosis', 'Nucleus pulposus extrusion', 'Annulus fibrosus integrity maintained']
Predicted (9): ['M5459', 'M5412', 'M4807', 'M79662', 'M4216', 'M5127', 'M5117', 'H27139', 'S32475D']
Recall:    0.000
Precision: 0.000
Time:      4.81s

============================================================
Case 7/10: case_7
Ground truth: ['I21.19', 'I25.10', 'I25.83', 'I48.19']
Acute inferior wall myocardial infarction  
Coronary arteriosclerosis with lipid-rich plaque  
Persistent atrial fibrillation
Extracted conditions (3): ['Acute inferior wall myocardial infarction', 'Coronary arteriosclerosis with lipid-rich plaque', 'Persistent atrial fibrillation']
Predicted (3): ['I4811', 'I2583', 'S43141A']
Recall:    0.250
Precision: 0.333
Time:      2.54s

============================================================
Case 8/10: case_8
Ground truth: ['I25.110', 'F17.210']
Triple vessel coronary artery disease  
Unstable angina  
Nicotine dependence  
Vein graft disease  
Vein graft failure  
Atherosclerotic heart disease  
Pre-infarction angina
Extracted conditions (7): ['Triple vessel coronary artery disease', 'Unstable angina', 'Nicotine dependence', 'Vein graft disease', 'Vein graft failure', 'Atherosclerotic heart disease', 'Pre-infarction angina']
Predicted (7): ['I200', 'F17213', 'I25110', 'T86831', 'I237', 'I70463', 'I2121']
Recall:    0.500
Precision: 0.143
Time:      4.24s

============================================================
Case 9/10: case_9
Ground truth: ['C76.3']
Pelvic sidewall cancer  
Intervertebral disc displacement  
Retroperitoneal tumor  
Brachytherapy device placement  
Radiation therapy  
Unidirectional radiation emission  
Palladium-103 implantation
Extracted conditions (7): ['Pelvic sidewall cancer', 'Intervertebral disc displacement', 'Retroperitoneal tumor', 'Brachytherapy device placement', 'Radiation therapy', 'Unidirectional radiation emission', 'Palladium-103 implantation']
Predicted (7): ['C480', 'M5127', 'N80332', 'K627', 'Z975', 'N5314', 'T83420D']
Recall:    0.000
Precision: 0.000
Time:      3.72s

============================================================
Case 10/10: case_10
Ground truth: ['I86.4', 'K92.0', 'K70.30', 'K70.10', 'I85.00', 'F10.20']
Alcoholic cirrhosis of the liver  
Acute alcoholic hepatitis  
Gastric varix  
Esophageal varices  
Upper gastrointestinal bleeding  
Chronic alcoholism
Extracted conditions (6): ['Alcoholic cirrhosis of the liver', 'Acute alcoholic hepatitis', 'Gastric varix', 'Esophageal varices', 'Upper gastrointestinal bleeding', 'Chronic alcoholism']
Predicted (6): ['K7031', 'I8501', 'B172', 'I864', 'K2101', 'E8722']
Recall:    0.167
Precision: 0.167
Time:      3.21s

============================================================
SUMMARY — Version A (retrieval only)
============================================================
Cases:              10
Average recall:     0.292
Average precision:  0.087
Average time/case:  4.74s
Total time:         47.4s

Detailed results saved to data/results_retrieval_only.json
